// Jest Snapshot v1, https://goo.gl/fbAQLP

exports[`renders homepage unchanged 1`] = `
<div>
  <div>
    <main
      class="w-full h-screen flex flex-col items-center justify-center"
    >
      <h1>
        Welcome to 
        <a
          href="https://nextjs.org"
        >
          Next.js!
        </a>
      </h1>
      <div
        class="mt-10 flex justify-center items-center"
      >
        <div>
          <span
            class="px-6 py-2 rounded shadow border"
            data-testid="counter"
          >
            0
          </span>
          <div
            class="mt-5 flex"
          >
            <button
              class="bg-red-500 w-full rounded-l text-white"
              data-testid="decrement-button"
            >
              -
            </button>
            <button
              class="bg-green-500 w-full rounded-r text-white"
              data-testid="increment-button"
            >
              +
            </button>
          </div>
        </div>
      </div>
    </main>
  </div>
</div>
`;
